Ch^Xo, Ch^Xo, Ch^Xo, Ch^Xo, Ch^Xo, Ch^Xo, Ch^Xo, Ch^Xo, Ch^Xo, Ch^Xo, Ch^Xo, Ch^Xo, Ch^Xo, Ch^Xo, Ch^Xo, Ch^Xo, Ch^Xo, Ch^Xo, Ch^Xo, Ch^Xo, Ch^Xo, Ch^Xo, Ch^Xo, Ch^Xo, Ch^Xo, Ch^Xo, Ch^Xo, Ch^Xo, Ch^Xo, Ch^Xo, Ch^Xo, Ch^Xo, Ch^Xo, Ch^Xo, Ch^Xo, Ch^Xo, Ch^Xo, Ch^Xo, Ch^Xo, Ch^Xo, Ch^Xo, Ch^Xo
Ch^Xo, Gg, Gg, Gg, Gg, Gg, Gg, Gg, Gg, Gg, Gg, Gg, Gg, Gg, Gg, Gg, Gg, Gg, Gg, Rrc, Gg, Gg, Gg, Gg, Gg, Gg, Gg, Gg, Gg, Gg, Gg, Gg, Gg, Gg, Gg, Gg, Gg, Gg, Ww, Ww, Ww, Ch^Xo
Ch^Xo, Gg, Gg, Gg, Gg, Gg, Gg, Gg, Gg, Hh, Gg, Gs^Vh, Gg, Gg, Gg, Gg, Gs^Fds, Gg, Gg, Rrc, Gg, Gg, Gg, Gg, Gg, Gg, Gg, Gg, Gg, Gg, Gs^Fds, Gg, Gs^Fds, Gs^Fds, Gs^Fds, Gg, Ww, Ww, Wo, Wo, Ww, Ch^Xo
Ch^Xo, Gg, Gg, Gs^Fds, Gg, Re, Gg, Gg, Gg, Gg, Ch, Gg, Ch, Gs^Fds, Gg, Gg, Gg, Gg, Gg, Rrc, Gg, Gg, Gg, Gs^Fds, Gg, Gg, Gg, Re, Gg, Gg, Gs^Fds, Gs^Fds, Gg, Gs^Fds, Gg, Gg, Ww, Ww, Wo, Ww, Ww, Ch^Xo
Ch^Xo, Gg, Gg, Gg, Gg, Re, Gg, Gs^Fds, Gg, Gg, Gg, Kh, Gg, Gg, Gg, Re, Hh, Re, Gg, Rrc, Gg, Re, Gg, Ch, Kh, Ch, Gs^Fds, Gg, Gs^Fds, Gg, Gs^Vh, Gg, Gg, Gg, Gg, Gg, Wwr, Ww, Ww, Ww, Gs^Fds, Ch^Xo
Ch^Xo, Gg, Ds, Hh, Ds, Re, Gg, Gg, Gg, Hh, Gg, Ch, Gg, Gg, Gg, Gg, Gg, Gg, Gg, Rrc, Rrc, Gg, Gg, Gg, Ch, Gg, Gg, Gg, Gg, Gg, Gg, Gs^Fds, Gs^Fds, Gg, Ww, Wwr, Wwr, Wwr, Wwr, Gs^Fds, Gs^Fds, Ch^Xo
Ch^Xo, Gg, Ww, Ds, Ww, Ds, Ww, Gg, Gg, Gg, Gs^Fds, Gg, Gs^Vh, Gg, Gg, Gs^Fds, Gg, Re, Gg, Gg, Rrc, Gg, Gs^Fds, Gg, Gg, Gg, Gg, Gg, Gs^Fds, Gs^Fds, Gg, Gg, Gg, Gg, Ww, Ww, Ww, Wwr, Wwr, Gg, Gs^Vh, Ch^Xo
Ch^Xo, Ww, Wo, Wo, Wo, Ww, Wo, Ww, Ww, Gg, Gg, Gg, Gg, Hh, Ds, Gg, Hh, Gg, Gg, Gg, Rrc, Gg, Gg, Gg, Gg, Gg, Re, Gg, Gs^Fds, Gg, Gs^Fds, Gg, Ww, Ww, Wo, Wo, Ww, Ww, Gs^Fds, Gs^Fds, Gs^Fds, Ch^Xo
Ch^Xo, Ww, Ww, Wo, Wo, Wo, Wo, Wo, Ww, Gg, Gg, Gg, Ds, Ds, Ww, Ds, Gg, Gg, Gg, Gg, Rrc, Rrc, Gg, Gg, Gs^Vh, Gg, Re, Gg, Gg, Gg, Ww, Ww, Wo, Wo, Wo, Wo, Ww, Gs^Fds, Gg, Gg, Gs^Fds, Ch^Xo
Ch^Xo, Ch^Xo, Ch^Xo, Ww, Ww, Wo, Ww, Ww, Wwr, Wwr, Wwr, Wwr, Ww, Ww, Ww, Ww, Ww, Gg, Rrc, Rrc, Gg, Gg, Gg, Gg, Gg, Gg, Gg, Gg, Gg, Gg, Ww, Ww, Wo, Wo, Ww, Ww, Gg, Gg, Gs^Fds, Gs^Fds, Gg, Ch^Xo
Ch^Xo, Kh, Ch^Xo, Gg, Gg, Ww, Wwr, Wwr, Wwr, Wwr, Ww, Ww, Wo, Wo, Wo, Ww, Ww, Rrc, Gg, Gg, Ww, Ds, Ww, Ww, Ww, Ds, Ds, Gg, Ww, Ww, Wo, Wo, Ww, Ww, Ww, Gg, Gg, Gs^Fds, Gg, Gs^Fds, Gg, Ch^Xo
Ch^Xo, Kh, Ch^Xo, Gg, Gg, Gg, Gg, Wwr, Wwr, Wwr, Ww, Wo, Wo, Wo, Wo, Ww, Ww, Rrc, Ww^Bsb\, Ww, Wo, Wo, Wo, Wo, Wo, Ww, Ww, Ww, Wo, Wo, Wo, Wo, Ww, Ww, Gg, Gg, Gg, Gs^Fds, Gs^Fds, Gs^Fds, Gg, Ch^Xo
Ch^Xo, Ch^Xo, Gg, Gs^Fds, Gg, Gg, Gg, Gg, Gg, Wwr, Wwr, Ww, Ww, Wo, Wo, Wo, Wo, Ww, Wo, Wo^Bsb\, Wo^Bsb\, Wo, Wo, Wo, Wo, Wo, Wo, Wo, Wo, Wo, Ww, Ww, Gg, Gg, Gg, Gs^Fds, Gg, Gs^Fds, Gs^Fds, Gg, Gg, Ch^Xo
Ch^Xo, Gg, Gg, Gs^Fds, Gg, Hh, Gs^Vh, Hh, Gg, Gg, Gg, Gg, Ds, Ww, Ww, Wo, Wo, Wo, Wo, Wo, Wo, Ww^Bsb\, Ww^Bsb\, Ww, Ww, Wo, Wo, Wo, Ww, Ww, Ds, Ds, Gg, Gg, Gg, Gg, Gs^Fds, Gg, Gg, Gs^Fds, Gg, Ch^Xo
Ch^Xo, Gg, Gg, Gg, Gg, Gg, Gg, Gg, Gg, Gs^Fds, Gg, Gg, Re, Ds, Ds, Ww, Ww, Wo, Ww, Ww, Ds, Ww, Gg, Rrc, Gg, Ww, Ww, Ww, Gg, Ds, Gg, Gg, Gg, Gg, Gs^Fds, Gg, Gg, Gg, Gg, Gg, Gg, Ch^Xo
Ch^Xo, Gg, Gg, Gg, Gs^Fds, Gg, Gg, Hh, Gg, Re, Re, Re, Gg, Gg, Gg, Gg, Gs^Fds, Ww, Ds, Ds, Ds, Ds, Gg, Rrc, Gg, Re, Gg, Gg, Ch, Gg, Re, Gg, Gg, Gg, Gg, Gg, Gg, Gs^Fds, Gg, Gg, Gg, Ch^Xo
Ch^Xo, Gg, Hh, Gg, Gg, Gg, Gg, Gg, Ch, Gg, Gg, Gg, Gg, Hh, Re, Gg, Gg, Gg, Gg, Gg, Gg, Gg, Gg, Rrc, Gg, Gg, Gg, Gs^Vh, Kh, Gg, Gg, Gg, Gg, Gg, Gg, Hh, Gg, Gg, Gg, Gg, Gg, Ch^Xo
Ch^Xo, Gg, Gg, Gg, Gg, Gg, Gg, Gg, Kh, Gs^Fds, Gs^Fds, Gg, Gg, Gg, Gg, Gg, Gg, Gg, Gg, Gg, Gg, Re, Gg, Rrc, Gg, Gg, Gg, Ch, Gg, Ch, Gg, Gg, Re, Gg, Gg, Gg, Gg, Re, Gg, Gg, Gg, Ch^Xo
Ch^Xo, Gg, Gg, Gg, Gg, Hh, Rrc, Ch, Rrc, Ch, Rrc, Gg, Rrc, Gg, Rrc, Rrc, Rrc, Rrc, Rrc, Rrc, Rrc, Rrc, Rrc, Rrc, Gg, Re, Re, Gg, Gg, Gg, Gg, Gg, Gg, Gg, Hh, Gg, Hh, Hh, Gg, Gg, Gg, Ch^Xo
Ch^Xo, Gg, Rrc, Rrc, Rrc, Rrc, Gg, Rrc, Gs^Vh, Rrc, Gg, Rrc, Gg, Rrc, Gg, Gg, Gg, Gg, Gg, Gg, Gg, Gg, Gg, Gg, Gg, Re, Re, Gg, Gg, Gg, Gg, Gg, Gg, Gg, Gg, Hh, Gg, Gg, Gg, Re, Gg, Ch^Xo
Ch^Xo, Rrc, Gg, Gg, Gg, Gg, Gg, Gg, Gg, Gg, Gg, Gg, Gg, Gg, Gg, Gg, Gg, Re, Gg, Gg, Gg, Gg, Gg, Gg, Gg, Gg, Gg, Gg, Gg, Gg, Gg, Gg, Gg, Gg, Gg, Gg, Gg, Gg, Gg, Gg, Gg, Ch^Xo
Ch^Xo, Ch^Xo, Ch^Xo, Ch^Xo, Ch^Xo, Ch^Xo, Ch^Xo, Ch^Xo, Ch^Xo, Ch^Xo, Ch^Xo, Ch^Xo, Ch^Xo, Ch^Xo, Ch^Xo, Ch^Xo, Ch^Xo, Ch^Xo, Ch^Xo, Ch^Xo, Ch^Xo, Ch^Xo, Ch^Xo, Ch^Xo, Ch^Xo, Ch^Xo, Ch^Xo, Ch^Xo, Ch^Xo, Ch^Xo, Ch^Xo, Ch^Xo, Ch^Xo, Ch^Xo, Ch^Xo, Ch^Xo, Ch^Xo, Ch^Xo, Ch^Xo, Ch^Xo, Ch^Xo, Ch^Xo
