Xoc, Xoc, Xoc, Xoc, Xoc, Xoc, Xoc, Xoc, Xoc, Xoc, Xoc, Xoc, Xoc, Xoc, Xoc, Xoc, Xoc, Xoc, Xoc, Xoc, Xoc, Xoc, Xoc, Xoc, Xoc, Xoc, Xoc, Xoc, Xoc, Xoc, Xoc
Xoc, Xoc, Xoc, Xoc, Xoc, Xoc, Xoc, Xoc, Xoc, Xoc, Xoc, Xoc, Xoc, Xoc, Xoc, Xoc, Xoc, Xoc, Xoc, Xoc, Xoc, Xoc, Xoc, Xoc, Xoc, Xoc, Xoc, Xoc, Xoc, Xoc, Xoc
Xoc, Xoc, Xoc, Xoc, Xoc, Xoc, Xoc, Xoc, Xoc, Xoc, Xoc, Xoc, Xoc, Xoc, Xoc, Xoc, Xoc, Xoc, Xoc, Xoc, Xoc, Xoc, Xoc, Xoc, Xoc, Xoc, Xoc, Xoc, Xoc, Xoc, Xoc
Xoc, Xoc, Xoc, Xoc, Xoc, Xoc, Xoc, Xoc, Xoc, Xoc, Xoc, Xoc, Xoc, Xoc, Xoc, Xoc, Xoc, Xoc, Xoc, Xoc, Xoc, Xoc, Xoc, Xoc, Xoc, Xoc, Xoc, Xoc, Xoc, Xoc, Xoc
Xoc, Xoc, Xoc, Xoc, Xoc, Xoc, Xoc, Xoc, Xoc, Xoc, Isa, Xoc, Xoc, Xoc, Xoc, Xoc, Xoc, Xoc, Xoc, Xoc, Xoc, Xoc, Isa, Isa, Isa, Xoc, Xoc, Xoc, Xoc, Xoc, Xoc
Xoc, Xoc, Xoc, Xoc, Xoc, Xoc, Xoc, Xoc, Isa, Isa, Isa, Isa, Isa, Xoc, Xoc, Xoc, Xoc, Xoc, Xoc, Xoc, Isa, Isa, Isa, Isa, Isa, Isa, Isa, Xoc, Xoc, Xoc, Xoc
Xoc, Xoc, Xoc, Xoc, Xoc, Xoc, Isa, Isa, Isa, Isa, Isa, Isa, Xoc, Xoc, Xoc, Xoc, Xoc, Xoc, Xoc, Isa, Isa, Isa, Isa, Isa, Isa, Isa, Isa, Isa, Isa, Xoc, Xoc
Xoc, Xoc, Xoc, Xoc, Isa, Isa, Isa, Isa, Isa, Isa, Isa, Xoc, Xoc, Xoc, Xoc, Xoc, Xoc, Xoc, Xoc, Xoc, Isa, Isa, Isa, Isa, Isa, Isa, Isa, Isa, Xoc, Xoc, Xoc^_fme
Xoc, Xoc, Xoc, Isa, Isa, Isa, Isa, Isa, Xoc, Isa, Isa, Isa, Isa, Xoc, Xoc, Xoc, Xoc, Xoc, Isa, Isa, Isa, Isa, Xoc, Isa, Isa, Isa, Xoc, Xoc, Xoc^_fme, Xoc^_fme, Xoc^_fme
Xoc, Xoc, Xoc, Xoc, Xoc, Isa, Xoc, Xoc, Xoc, Xoc, Xoc, Isa, Isa, Isa, Isa, Xoc, Isa, Isa, Isa, Isa, Xoc, Xoc, Xoc, Xoc, Xoc, Xoc, Xoc^_fme, Xoc^_fme, Xoc^_fme, Xoc^_fme, Xoc^_fme
Xoc, Xoc, Xoc, Xoc, Xoc, Xoc, Xoc, Xoc, Xoc, Xoc, Xoc, Xoc, Xoc, Isa, Isa, Isa, Isa, Isa, Xoc, Xoc, Xoc, Xoc, Xoc, Xoc, Xoc^_fme, Xoc^_fme, Xoc^_fme, Xoc^_fme, Xoc^_fme, Xoc^_fme, Xoc^_fme
Xoc, Xoc, Xoc, Xoc, Xoc, Xoc, Xoc, Xoc, Xoc, Xoc, Xoc, Xoc, Isa, Isa, Isa, Isa, Isa, Isa, Isa, Xoc, Xoc, Xoc, Xoc^_fme, Xoc^_fme, Xoc^_fme, Xoc^_fme, Xoc^_fme, Xoc^_fme, Xoc^_fme, Xoc^_fme, Xoc^_fme
Xoc, Xoc, Xoc, Xoc, Xoc, Xoc, Xoc, Xoc, Xoc, Xoc, Isa, Isa, Isa, Isa, Xoc, Xoc, Xoc, Isa, Isa^Dr, Isa^Dr, Isa^_fme, Xoc^_fme, Xoc^_fme, Xoc^_fme, Xoc^_fme, Xoc^_fme, Xoc^_fme, Xoc^_fme, Xoc^_fme, Xoc^_fme, Xoc^_fme
Xoc, Xoc, Xoc, Xoc, Xoc, Xoc, Xoc, Xoc, Isa, Isa, Isa, Isa, Xoc, Xoc, Xoc, Xoc, Xoc, Xoc, Xoc^_fme, Isa^_fme, Isa^_fme, Isa^_fme, Isa^_fme, Xoc^_fme, Xoc^_fme, Xoc^_fme, Xoc^_fme, Xoc^_fme, Xoc^_fme, Xoc^_fme, Xoc^_fme
Xoc, Xoc, Xoc, Xoc, Xoc, Xoc, Isa, Isa, Isa, Isa, Xoc, Xoc, Xoc, Xoc, Xoc, Xoc, Xoc^_fme, Xoc, Xoc^_fme, Xoc^_fme, Xoc^_fme, Isa^_fme, Isa^_fme, Isa^_fme, Isa^_fme, Xoc^_fme, Xoc^_fme, Xoc^_fme, Xoc^_fme, Xoc^_fme, Xoc
